[1;94mEnter[0m details[90m | [0m[1;94ms[0m sort[90m | [0m[1;94mF[0m filter[90m | [0m[1;94mA[0m amend[90m | [0m[1;94mg[0m reset[90m | [0m[1;94mC[0m cherry-pick[90m | [0m[1;94mt[0m revert[90m | [0m[1;94mT[0m tag[90m | [0m[1;94ml[0m reflog[90m | [0m[1;94m+/_[0m zoom