[1;94mSpace[0m stage[90m | [0m[1;94m[/][0m tab[90m | [0m[1;94ma[0m stage all[90m | [0m[1;94m+/_[0m zoom[90m | [0m[1;94m</>/=[0m width[90m | [0m[1;94mH/L[0m scroll[90m | [0m[1;94mEsc[0m back[90m | [0m[1;94mc[0m commit[90m | [0m[1;94mP/p/f[0m push/pull/fetch[90m | [0m[1;94m?[0m help[90m | [0m[1;94mq[0m quit