users (1 rows)                                                                  
+----+------+                                                                   
| id | name |                                                                   
+----+------+                                                                   
| 1  | [3;90mNULL[0m |                                                                   
+----+------+                                                                   
                                                                                
                                                                                
                                                                                
                                                                                
                                                                                
                                                                                
                                                                                
                                                                                
                                                                                
                                                                                
                                                                                
                                                                                
                                                                                
                                                                                