[1;94mEnter[0m checkout[90m | [0m[1;94mm[0m merge[90m | [0m[1;94me[0m rebase[90m | [0m[1;94mn[0m new[90m | [0m[1;94mr[0m rename[90m | [0m[1;94mD[0m delete[90m | [0m[1;94ma[0m add remote[90m | [0m[1;94m+/_[0m zoom[90m | [0m[1;94m</>/=[0m width[90m | [0m[1;94mH/L[0m scroll