[1;94mEnter[0m view[90m | [0m[1;94mSpace[0m checkout[90m | [0m[1;94mW[0m diff[90m | [0m[1;94ms[0m sort[90m | [0m[1;94mm[0m merge[90m | [0m[1;94me[0m rebase[90m | [0m[1;94mn[0m new[90m | [0m[1;94mr[0m rename[90m | [0m[1;94mD[0m delete[90m | [0m[1;94ma[0m add remote