small_table (1 rows)                                                            
+----+                                                                          
| id |                                                                          
+----+                                                                          
| 1  |                                                                          
+----+                                                                          
                                                                                
                                                                                
                                                                                
                                                                                
                                                                                
                                                                                
                                                                                
                                                                                
                                                                                
                                                                                
                                                                                
                                                                                
                                                                                
                                                                                