big_table (25 rows)                                                             
+----+                                                                          
| id |                                                                          
+----+                                                                          
| 1  |                                                                          
+----+                                                                          
[90mPage 1/3  ([/] to navigate)[0m                                                     
                                                                                
                                                                                
                                                                                
                                                                                
                                                                                
                                                                                
                                                                                
                                                                                
                                                                                
                                                                                
                                                                                
                                                                                
                                                                                