test (1 rows)                                                                   
+------------------------------------------+                                    
| data                                     |                                    
+------------------------------------------+                                    
| xxxxxxxxxxxxxxxxxxxxxxxxxxxxxxxxxxxxx... |                                    
+------------------------------------------+                                    
                                                                                
                                                                                
                                                                                
                                                                                
                                                                                
                                                                                
                                                                                
                                                                                
                                                                                
                                                                                
                                                                                
                                                                                
                                                                                
                                                                                